// Jest Snapshot v1, https://goo.gl/fbAQLP

exports[`Folders should render Folders 1`] = `
<DocumentFragment>
  <div
    class="menu-folders"
  >
    <p
      class="menu-folders-title"
    >
      Folders
    </p>
    <ul
      class="folders"
    >
      <li
        class="folder-item"
      >
        <svg
          class="folder-item-icon"
          fill="none"
          height="24"
          stroke="currentColor"
          stroke-linecap="round"
          stroke-linejoin="round"
          stroke-width="2"
          viewBox="0 0 24 24"
          width="24"
          xmlns="http://www.w3.org/2000/svg"
        >
          <polyline
            points="22 12 16 12 14 15 10 15 8 12 2 12"
          />
          <path
            d="M5.45 5.11L2 12v6a2 2 0 0 0 2 2h16a2 2 0 0 0 2-2v-6l-3.45-6.89A2 2 0 0 0 16.76 4H7.24a2 2 0 0 0-1.79 1.11z"
          />
        </svg>
         Inbox
        <span
          class="badge"
        >
          3
        </span>
      </li>
      <li
        class="folder-item"
      >
        <svg
          class="folder-item-icon"
          fill="none"
          height="24"
          stroke="currentColor"
          stroke-linecap="round"
          stroke-linejoin="round"
          stroke-width="2"
          viewBox="0 0 24 24"
          width="24"
          xmlns="http://www.w3.org/2000/svg"
        >
          <path
            d="M4 4h16c1.1 0 2 .9 2 2v12c0 1.1-.9 2-2 2H4c-1.1 0-2-.9-2-2V6c0-1.1.9-2 2-2z"
          />
          <polyline
            points="22,6 12,13 2,6"
          />
        </svg>
         Sent Mails
      </li>
      <li
        class="folder-item"
      >
        <svg
          class="folder-item-icon"
          fill="none"
          height="24"
          stroke="currentColor"
          stroke-linecap="round"
          stroke-linejoin="round"
          stroke-width="2"
          viewBox="0 0 24 24"
          width="24"
          xmlns="http://www.w3.org/2000/svg"
        >
          <circle
            cx="12"
            cy="12"
            r="10"
          />
        </svg>
         Important
        <span
          class="badge"
        >
          4
        </span>
      </li>
      <li
        class="folder-item"
      >
        <svg
          class="folder-item-icon"
          fill="none"
          height="24"
          stroke="currentColor"
          stroke-linecap="round"
          stroke-linejoin="round"
          stroke-width="2"
          viewBox="0 0 24 24"
          width="24"
          xmlns="http://www.w3.org/2000/svg"
        >
          <path
            d="M4 19.5A2.5 2.5 0 0 1 6.5 17H20"
          />
          <path
            d="M6.5 2H20v20H6.5A2.5 2.5 0 0 1 4 19.5v-15A2.5 2.5 0 0 1 6.5 2z"
          />
        </svg>
         Drafts
      </li>
      <li
        class="folder-item"
      >
        <svg
          class="folder-item-icon"
          fill="none"
          height="24"
          stroke="currentColor"
          stroke-linecap="round"
          stroke-linejoin="round"
          stroke-width="2"
          viewBox="0 0 24 24"
          width="24"
          xmlns="http://www.w3.org/2000/svg"
        >
          <polyline
            points="3 6 5 6 21 6"
          />
          <path
            d="M19 6v14a2 2 0 0 1-2 2H7a2 2 0 0 1-2-2V6m3 0V4a2 2 0 0 1 2-2h4a2 2 0 0 1 2 2v2"
          />
          <line
            x1="10"
            x2="10"
            y1="11"
            y2="17"
          />
          <line
            x1="14"
            x2="14"
            y1="11"
            y2="17"
          />
        </svg>
         Trash
      </li>
    </ul>
  </div>
</DocumentFragment>
`;
