// Jest Snapshot v1, https://goo.gl/fbAQLP

exports[`Inbox should render sorted Mails 1`] = `
<DocumentFragment>
  <div
    class="inbox-mails"
  >
    <div
      class="mails-header"
    >
      <div
        class="mails-header-title"
      >
        <h2>
          Inbox (2)
        </h2>
        <div
          class="mail-search"
        >
          <input
            placeholder="Search email"
            type="search"
          />
          <button
            class="button "
            data-testid=""
            type="submit"
          >
            Search
          </button>
        </div>
      </div>
      <div
        class="mail-operations"
      >
        <div
          class="mail-actions"
        >
          <button
            class="button mail-action"
            data-testid="REFRESH_MAILS"
            type="submit"
          >
            <svg
              fill="none"
              height="24"
              stroke="currentColor"
              stroke-linecap="round"
              stroke-linejoin="round"
              stroke-width="2"
              viewBox="0 0 24 24"
              width="24"
              xmlns="http://www.w3.org/2000/svg"
            >
              <polyline
                points="23 4 23 10 17 10"
              />
              <polyline
                points="1 20 1 14 7 14"
              />
              <path
                d="M3.51 9a9 9 0 0 1 14.85-3.36L23 10M1 14l4.64 4.36A9 9 0 0 0 20.49 15"
              />
            </svg>
             Refresh
          </button>
          <button
            class="button mail-action"
            data-testid="CHANGE_READ_STATUS"
            type="submit"
          >
            <svg
              fill="none"
              height="24"
              stroke="currentColor"
              stroke-linecap="round"
              stroke-linejoin="round"
              stroke-width="2"
              viewBox="0 0 24 24"
              width="24"
              xmlns="http://www.w3.org/2000/svg"
            >
              <path
                d="M1 12s4-8 11-8 11 8 11 8-4 8-11 8-11-8-11-8z"
              />
              <circle
                cx="12"
                cy="12"
                r="3"
              />
            </svg>
          </button>
          <button
            class="button mail-action"
            data-testid="CHANGE_IMPORTANCE"
            type="submit"
          >
            <svg
              fill="none"
              height="24"
              stroke="currentColor"
              stroke-linecap="round"
              stroke-linejoin="round"
              stroke-width="2"
              viewBox="0 0 24 24"
              width="24"
              xmlns="http://www.w3.org/2000/svg"
            >
              <circle
                cx="12"
                cy="12"
                r="10"
              />
              <line
                x1="12"
                x2="12"
                y1="8"
                y2="12"
              />
              <line
                x1="12"
                x2="12.01"
                y1="16"
                y2="16"
              />
            </svg>
          </button>
          <button
            class="button mail-action"
            data-testid="MARK_DELETED"
            type="submit"
          >
            <svg
              fill="none"
              height="24"
              stroke="currentColor"
              stroke-linecap="round"
              stroke-linejoin="round"
              stroke-width="2"
              viewBox="0 0 24 24"
              width="24"
              xmlns="http://www.w3.org/2000/svg"
            >
              <polyline
                points="3 6 5 6 21 6"
              />
              <path
                d="M19 6v14a2 2 0 0 1-2 2H7a2 2 0 0 1-2-2V6m3 0V4a2 2 0 0 1 2-2h4a2 2 0 0 1 2 2v2"
              />
              <line
                x1="10"
                x2="10"
                y1="11"
                y2="17"
              />
              <line
                x1="14"
                x2="14"
                y1="11"
                y2="17"
              />
            </svg>
          </button>
        </div>
        <div
          class="mail-navigation"
        >
          <button
            class="button mail-action"
            data-testid=""
            type="submit"
          >
            <svg
              fill="none"
              height="24"
              stroke="currentColor"
              stroke-linecap="round"
              stroke-linejoin="round"
              stroke-width="2"
              viewBox="0 0 24 24"
              width="24"
              xmlns="http://www.w3.org/2000/svg"
            >
              <line
                x1="19"
                x2="5"
                y1="12"
                y2="12"
              />
              <polyline
                points="12 19 5 12 12 5"
              />
            </svg>
          </button>
          <button
            class="button mail-action"
            data-testid=""
            type="submit"
          >
            <svg
              fill="none"
              height="24"
              stroke="currentColor"
              stroke-linecap="round"
              stroke-linejoin="round"
              stroke-width="2"
              viewBox="0 0 24 24"
              width="24"
              xmlns="http://www.w3.org/2000/svg"
            >
              <line
                x1="5"
                x2="19"
                y1="12"
                y2="12"
              />
              <polyline
                points="12 5 19 12 12 19"
              />
            </svg>
          </button>
        </div>
      </div>
    </div>
    <div
      class="mails-content"
    >
      <div
        class="mail"
      >
        <input
          type="checkbox"
        />
        <div
          class="mail--important"
        />
        <p
          class="mail--from"
        >
          pqr
        </p>
        <div
          class="mail--tags"
        >
          <span>
            Jobs
          </span>
        </div>
        <p
          class="mail--body"
        >
           Quisque non lectus tincidunt, consequat sapien eu, rutrum nisl.
        </p>
        <span
          class="mail--attachment"
        />
        <span
          class="mail-deliveryTime"
        >
          Jan 5
        </span>
      </div>
      <div
        class="mail"
      >
        <input
          type="checkbox"
        />
        <div
          class="mail--important"
        />
        <p
          class="mail--from"
        >
          abc
        </p>
        <div
          class="mail--tags"
        >
          <span>
            Development
          </span>
        </div>
        <p
          class="mail--body"
        >
           Lorem ipsum dolor sit amet, consectetur adipiscing elit. Nulla eget rhoncus metus.
        </p>
        <span
          class="mail--attachment"
        />
        <span
          class="mail-deliveryTime"
        >
          Jan 2
        </span>
      </div>
    </div>
  </div>
</DocumentFragment>
`;
